// Vitest Snapshot v1, https://vitest.dev/guide/snapshot.html

exports[`routes > model > postModel > 200 > ok 1`] = `
{
  "message": "Successfully started export upload.",
}
`;

exports[`routes > model > postModel > audit > expected call 1`] = `"expedita"`;
