// Vitest Snapshot v1, https://vitest.dev/guide/snapshot.html

exports[`routes > model > postRequestImport > 200 > ok 1`] = `
{
  "mirroredModelId": "abc",
  "modelCardVersions": [
    1,
    2,
    3,
  ],
  "sourceModelId": "cba",
}
`;

exports[`routes > model > postRequestImport > audit > expected call 1`] = `"abc"`;
