// Vitest Snapshot v1, https://vitest.dev/guide/snapshot.html

exports[`clients > s3 > putObjectPartStream > success 1`] = `"ETag"`;
