// Vitest Snapshot v1, https://vitest.dev/guide/snapshot.html

exports[`routes > release > deleteRelease > 200 > ok 1`] = `
{
  "message": "Successfully removed release.",
}
`;

exports[`routes > release > deleteRelease > audit > expected call 1`] = `"expedita"`;

exports[`routes > release > deleteRelease > audit > expected call 2`] = `"1.17.8"`;
