// Vitest Snapshot v1, https://vitest.dev/guide/snapshot.html

exports[`routes > review > putReviewRole > audit > expected call 1`] = `
{
  "name": "Reviewer",
  "shortName": "reviewer",
  "systemRole": "Contributor",
}
`;
