// Vitest Snapshot v1, https://vitest.dev/guide/snapshot.html

exports[`services > review > findReviews > active reviews for a specific model 1`] = `
[
  {
    "modelId": "modelId",
  },
]
`;

exports[`services > review > findReviews > active reviews for a specific model 2`] = `
[
  {},
]
`;

exports[`services > review > findReviews > all reviews for user 1`] = `
[
  {},
]
`;

exports[`services > review > findReviews > all reviews for user 2`] = `
[
  {
    "$expr": {
      "$gt": [
        {
          "$size": {
            "$filter": {
              "as": "item",
              "cond": {
                "$and": [
                  {
                    "$in": [
                      "$$item.entity",
                      [
                        "user:test",
                      ],
                    ],
                  },
                  {
                    "$in": [
                      "$role",
                      "$$item.roles",
                    ],
                  },
                ],
              },
              "input": "$model.collaborators",
            },
          },
        },
        0,
      ],
    },
  },
]
`;

exports[`services > review > findReviewsForAccessRequests > success 1`] = `
[
  {
    "accessRequestId": [
      "Hello",
    ],
  },
]
`;

exports[`services > review > removeAccessRequestReviews > successful 1`] = `
[
  {
    "accessRequestId": [
      "Hello",
    ],
  },
]
`;
