// Vitest Snapshot v1, https://vitest.dev/guide/snapshot.html

exports[`routes > accessRequest > deleteAccessRequest > 200 > ok 1`] = `
{
  "message": "Successfully removed access request.",
}
`;

exports[`routes > accessRequest > deleteAccessRequest > audit > expected call 1`] = `"expedita"`;
