// Vitest Snapshot v1, https://vitest.dev/guide/snapshot.html

exports[`connectors > mirroredModel > importers > BaseImporter > constructor > success 1`] = `
TestImporter {
  "logData": {
    "extra": "info",
    "importerType": "TestImporter",
  },
  "metadata": {
    "exporter": "exporter",
    "mirroredModelId": "mirroredModelId",
    "sourceModelId": "sourceModelId",
  },
}
`;
