// Vitest Snapshot v1, https://vitest.dev/guide/snapshot.html

exports[`routes > file > patchFile > 200 > ok 1`] = `
{
  "file": {},
}
`;

exports[`routes > file > patchFile > audit > expected call 1`] = `"vespillo"`;
